[usdtheme.com/preview-styles/index.html]
[backblue.gif]
[fade.gif]
[index.html]
[usdtheme.com/preview-styles/img/logo/favicon.ico]
[usdtheme.com/preview-styles/js/vendor/modernizr-2.8.3.min.js]
[usdtheme.com/preview-styles/index-2.html]
[usdtheme.com/preview-styles/img/logo/logo.png]
[usdtheme.com/preview-styles/index-3.html]
[usdtheme.com/preview-styles/about.html]
[usdtheme.com/preview-styles/service.html]
[usdtheme.com/preview-styles/sub-services-1.html]
[usdtheme.com/preview-styles/sub-services-2.html]
[usdtheme.com/preview-styles/sub-services-3.html]
[usdtheme.com/preview-styles/portfolio-1.html]
[usdtheme.com/preview-styles/portfolio-2.html]
[usdtheme.com/preview-styles/blog.1b.delayed]
[usdtheme.com/preview-styles/blog-grid.html]
[usdtheme.com/preview-styles/blog-details.html]
[usdtheme.com/preview-styles/blog-single-post.html]
[usdtheme.com/preview-styles/index-3.1f.delayed]
[usdtheme.com/preview-styles/protfolio-full.20.delayed]
[usdtheme.com/preview-styles/portfolio-clasic.21.delayed]
[usdtheme.com/preview-styles/events.22.delayed]
[usdtheme.com/preview-styles/img/slider/slider1.jpg]
[usdtheme.com/preview-styles/img/slider/slider2.jpg]
[usdtheme.com/preview-styles/img/banner/banner002.jpg]
[usdtheme.com/preview-styles/img/banner/banner2.jpg]
[usdtheme.com/preview-styles/img/banner/banner3.jpg]
[usdtheme.com/preview-styles/img/team/team1.jpg]
[usdtheme.com/preview-styles/img/team/team2.jpg]
[usdtheme.com/preview-styles/img/team/team3.jpg]
[usdtheme.com/preview-styles/img/team/team4.jpg]
[usdtheme.com/preview-styles/img/team/team5.jpg]
[usdtheme.com/preview-styles/img/team/team6.jpg]
[usdtheme.com/preview-styles/img/service/service1.jpg]
[usdtheme.com/preview-styles/img/service/service2.jpg]
[usdtheme.com/preview-styles/img/service/service3.jpg]
[usdtheme.com/preview-styles/img/portfolio/port1.jpg]
[usdtheme.com/preview-styles/img/portfolio/port2.jpg]
[usdtheme.com/preview-styles/img/portfolio/port3.jpg]
[usdtheme.com/preview-styles/img/portfolio/port4.jpg]
[usdtheme.com/preview-styles/img/portfolio/port5.jpg]
[usdtheme.com/preview-styles/img/portfolio/port6.jpg]
[usdtheme.com/preview-styles/img/portfolio/port7.jpg]
[usdtheme.com/preview-styles/img/portfolio/port8.jpg]
[usdtheme.com/preview-styles/img/portfolio/port9.jpg]
[usdtheme.com/preview-styles/img/testimonial/test1.jpg]
[usdtheme.com/preview-styles/img/testimonial/test2.jpg]
[usdtheme.com/preview-styles/img/testimonial/test3.jpg]
[usdtheme.com/preview-styles/img/blog/bl2.jpg]
[usdtheme.com/preview-styles/img/blog/bl3.jpg]
[usdtheme.com/preview-styles/img/blog/bl4.jpg]
[usdtheme.com/preview-styles/img/blog/bl5.jpg]
[usdtheme.com/preview-styles/img/portfolio/7.jpg]
[usdtheme.com/preview-styles/img/portfolio/8.jpg]
[usdtheme.com/preview-styles/img/portfolio/9.jpg]
[usdtheme.com/preview-styles/img/portfolio/5.jpg]
[usdtheme.com/preview-styles/img/portfolio/6.jpg]
[usdtheme.com/preview-styles/js/vendor/jquery-1.12.4.min.js]
[maps.googleapis.com/maps/api/js]
[usdtheme.com/preview-styles/js/bootstrap.min.js]
[usdtheme.com/preview-styles/js/owl.carousel.min.js]
[usdtheme.com/preview-styles/js/venobox.min.js]
[usdtheme.com/preview-styles/js/moment.js]
[usdtheme.com/preview-styles/js/bootstrap-datetimepicker.min.js]
[usdtheme.com/preview-styles/js/jquery.meanmenu.js]
[usdtheme.com/preview-styles/js/wow.min.js]
[usdtheme.com/preview-styles/lib/js/jquery.nivo.slider.js]
[usdtheme.com/preview-styles/lib/home.js]
[usdtheme.com/preview-styles/js/isotope.pkgd.min.js]
[usdtheme.com/preview-styles/js/plugins.js]
[usdtheme.com/preview-styles/js/main.js]
[usdtheme.com/preview-styles/index.html]
[fonts.googleapis.com/css907c.css]
[fonts.googleapis.com/css77ab.css]
[usdtheme.com/preview-styles/css/bootstrap.min.css]
[usdtheme.com/preview-styles/lib/css/nivo-slider.css]
[usdtheme.com/preview-styles/lib/img/loading.gif]
[usdtheme.com/preview-styles/lib/img/bullets.png]
[usdtheme.com/preview-styles/lib/img/arrows.png]
[usdtheme.com/preview-styles/lib/css/preview.css]
[usdtheme.com/preview-styles/lib/css/style.css]
[usdtheme.com/preview-styles/css/meanmenu.min.css]
[usdtheme.com/preview-styles/css/animate.css]
[usdtheme.com/preview-styles/css/bootstrap-datetimepicker.min.css]
[usdtheme.com/preview-styles/css/owl.video.play.57.delayed]
[usdtheme.com/preview-styles/css/owl.carousel.css]
[usdtheme.com/preview-styles/css/owl.transitions.css]
[usdtheme.com/preview-styles/fonts/fontawesome-webfont3295.eot]
[usdtheme.com/preview-styles/fonts/fontawesome-webfontd41d.eot]
[usdtheme.com/preview-styles/fonts/fontawesome-webfont3295.woff2]
[usdtheme.com/preview-styles/fonts/fontawesome-webfont3295.woff]
[usdtheme.com/preview-styles/fonts/fontawesome-webfont3295.ttf]
[usdtheme.com/preview-styles/css/font-awesome.min.css]
[usdtheme.com/preview-styles/img/venubox/preload-circle.png]
[usdtheme.com/preview-styles/img/venubox/close.gif]
[usdtheme.com/preview-styles/img/venubox/prev.gif]
[usdtheme.com/preview-styles/img/venubox/next.gif]
[usdtheme.com/preview-styles/css/venobox.css]
[usdtheme.com/preview-styles/img/logo/preloader.gif]
[usdtheme.com/preview-styles/img/team/team01.jpg]
[usdtheme.com/preview-styles/img/background/bg1.jpg]
[usdtheme.com/preview-styles/img/background/bg2.jpg]
[usdtheme.com/preview-styles/img/blog/blog1.jpg]
[usdtheme.com/preview-styles/img/service/bg1.jpg]
[usdtheme.com/preview-styles/style.css]
[usdtheme.com/preview-styles/css/responsive.css]
[usdtheme.com/preview-styles/index-2.html]
[usdtheme.com/preview-styles/img/slider/slider7.jpg]
[usdtheme.com/preview-styles/img/slider/slider8.jpg]
[usdtheme.com/preview-styles/img/banner/banner003.jpg]
[usdtheme.com/preview-styles/img/banner/banner004.jpg]
[usdtheme.com/preview-styles/img/banner/banner7.jpg]
[usdtheme.com/preview-styles/img/banner/banner9.jpg]
[usdtheme.com/preview-styles/img/banner/banner8.jpg]
[usdtheme.com/preview-styles/img/blog/bl1.jpg]
[usdtheme.com/preview-styles/index-3.html]
[usdtheme.com/preview-styles/about.html]
[usdtheme.com/preview-styles/img/service/service1.png]
[usdtheme.com/preview-styles/img/service/service4.jpg]
[usdtheme.com/preview-styles/img/service/service5.jpg]
[usdtheme.com/preview-styles/img/service/service6.jpg]
[usdtheme.com/preview-styles/service.html]
[usdtheme.com/preview-styles/sub-services-1.html]
[usdtheme.com/preview-styles/sub-services-2.html]
[usdtheme.com/preview-styles/sub-services-3.html]
[usdtheme.com/preview-styles/portfolio-1.html]
[usdtheme.com/preview-styles/portfolio-2.html]
[usdtheme.com/preview-styles/blog.html]
[usdtheme.com/preview-styles/blog-grid.html]
[usdtheme.com/preview-styles/single-product.74.delayed]
[usdtheme.com/preview-styles/img/blog/blog001.jpg]
[usdtheme.com/preview-styles/img/blog/blog002.jpg]
[usdtheme.com/preview-styles/img/blog/blog003.jpg]
[usdtheme.com/preview-styles/img/blog/blog004.jpg]
[usdtheme.com/preview-styles/img/blog/blog005.jpg]
[usdtheme.com/preview-styles/img/blog/b18.jpg]
[usdtheme.com/preview-styles/blog-details.html]
[usdtheme.com/preview-styles/blog-single-post.html]
[usdtheme.com/preview-styles/index-4.html]
[usdtheme.com/preview-styles/protfolio-full.html]
[usdtheme.com/preview-styles/portfolio-clasic.html]
[usdtheme.com/preview-styles/events.html]
[usdtheme.com/preview-styles/css/owl.video.play.html]
[usdtheme.com/preview-styles/fonts/fontawesome-webfont3295.svg]
[usdtheme.com/preview-styles/single-product.html]
